Archive member included because of file (symbol)

/usr/bin/../lib/gcc/arm-none-eabi/4.9.3/../../../../arm-none-eabi/lib/armv7e-m/libg.a(lib_a-exit.o)
                              /usr/bin/../lib/gcc/arm-none-eabi/4.9.3/../../../../arm-none-eabi/lib/armv7e-m/crt0.o (exit)
/usr/bin/../lib/gcc/arm-none-eabi/4.9.3/../../../../arm-none-eabi/lib/armv7e-m/libg.a(lib_a-impure.o)
                              /usr/bin/../lib/gcc/arm-none-eabi/4.9.3/../../../../arm-none-eabi/lib/armv7e-m/libg.a(lib_a-exit.o) (_global_impure_ptr)
/usr/bin/../lib/gcc/arm-none-eabi/4.9.3/../../../../arm-none-eabi/lib/armv7e-m/libg.a(lib_a-init.o)
                              /usr/bin/../lib/gcc/arm-none-eabi/4.9.3/../../../../arm-none-eabi/lib/armv7e-m/crt0.o (__libc_init_array)
/usr/bin/../lib/gcc/arm-none-eabi/4.9.3/../../../../arm-none-eabi/lib/armv7e-m/libg.a(lib_a-memset.o)
                              /usr/bin/../lib/gcc/arm-none-eabi/4.9.3/../../../../arm-none-eabi/lib/armv7e-m/crt0.o (memset)
/usr/bin/../lib/gcc/arm-none-eabi/4.9.3/../../../../arm-none-eabi/lib/armv7e-m/libg.a(lib_a-__call_atexit.o)
                              /usr/bin/../lib/gcc/arm-none-eabi/4.9.3/../../../../arm-none-eabi/lib/armv7e-m/libg.a(lib_a-exit.o) (__call_exitprocs)
/usr/bin/../lib/gcc/arm-none-eabi/4.9.3/../../../../arm-none-eabi/lib/armv7e-m/libg.a(lib_a-atexit.o)
                              /usr/bin/../lib/gcc/arm-none-eabi/4.9.3/../../../../arm-none-eabi/lib/armv7e-m/libg.a(lib_a-__call_atexit.o) (atexit)
/usr/bin/../lib/gcc/arm-none-eabi/4.9.3/../../../../arm-none-eabi/lib/armv7e-m/libg.a(lib_a-fini.o)
                              /usr/bin/../lib/gcc/arm-none-eabi/4.9.3/../../../../arm-none-eabi/lib/armv7e-m/libg.a(lib_a-__call_atexit.o) (__libc_fini_array)
/usr/bin/../lib/gcc/arm-none-eabi/4.9.3/../../../../arm-none-eabi/lib/armv7e-m/libg.a(lib_a-__atexit.o)
                              /usr/bin/../lib/gcc/arm-none-eabi/4.9.3/../../../../arm-none-eabi/lib/armv7e-m/libg.a(lib_a-atexit.o) (__register_exitproc)

Allocating common symbols
Common symbol       size              file

ASerialLdd3_DeviceDataPtr
                    0x4               ./Generated_Code/UART3.o
SR_reg              0x1               ./Generated_Code/Cpu.o

Discarded input sections

 .text          0x0000000000000000        0x0 /usr/bin/../lib/gcc/arm-none-eabi/4.9.3/armv7e-m/crti.o
 .data          0x0000000000000000        0x0 /usr/bin/../lib/gcc/arm-none-eabi/4.9.3/armv7e-m/crti.o
 .bss           0x0000000000000000        0x0 /usr/bin/../lib/gcc/arm-none-eabi/4.9.3/armv7e-m/crti.o
 .data          0x0000000000000000        0x4 /usr/bin/../lib/gcc/arm-none-eabi/4.9.3/armv7e-m/crtbegin.o
 .text          0x0000000000000000       0x74 /usr/bin/../lib/gcc/arm-none-eabi/4.9.3/../../../../arm-none-eabi/lib/armv7e-m/crt0.o
 .data          0x0000000000000000        0x0 /usr/bin/../lib/gcc/arm-none-eabi/4.9.3/../../../../arm-none-eabi/lib/armv7e-m/crt0.o
 .bss           0x0000000000000000        0x0 /usr/bin/../lib/gcc/arm-none-eabi/4.9.3/../../../../arm-none-eabi/lib/armv7e-m/crt0.o
 .ARM.extab     0x0000000000000000        0x0 /usr/bin/../lib/gcc/arm-none-eabi/4.9.3/../../../../arm-none-eabi/lib/armv7e-m/crt0.o
 .ARM.exidx     0x0000000000000000        0x8 /usr/bin/../lib/gcc/arm-none-eabi/4.9.3/../../../../arm-none-eabi/lib/armv7e-m/crt0.o
 .ARM.attributes
                0x0000000000000000       0x1c /usr/bin/../lib/gcc/arm-none-eabi/4.9.3/../../../../arm-none-eabi/lib/armv7e-m/crt0.o
 .group         0x0000000000000000        0x8 ./Sources/Events.o
 .group         0x0000000000000000        0x8 ./Sources/Events.o
 .group         0x0000000000000000        0x8 ./Sources/Events.o
 .group         0x0000000000000000        0x8 ./Sources/Events.o
 .group         0x0000000000000000        0x8 ./Sources/Events.o
 .group         0x0000000000000000        0x8 ./Sources/Events.o
 .group         0x0000000000000000        0x8 ./Sources/Events.o
 .group         0x0000000000000000        0x8 ./Sources/Events.o
 .group         0x0000000000000000        0x8 ./Sources/Events.o
 .group         0x0000000000000000        0x8 ./Sources/Events.o
 .group         0x0000000000000000        0x8 ./Sources/Events.o
 .group         0x0000000000000000        0x8 ./Sources/Events.o
 .group         0x0000000000000000        0x8 ./Sources/Events.o
 .group         0x0000000000000000        0x8 ./Sources/Events.o
 .group         0x0000000000000000        0x8 ./Sources/Events.o
 .group         0x0000000000000000        0x8 ./Sources/Events.o
 .text          0x0000000000000000        0x0 ./Sources/Events.o
 .data          0x0000000000000000        0x0 ./Sources/Events.o
 .bss           0x0000000000000000        0x0 ./Sources/Events.o
 .group         0x0000000000000000        0x8 ./Sources/main.o
 .group         0x0000000000000000        0x8 ./Sources/main.o
 .group         0x0000000000000000        0x8 ./Sources/main.o
 .group         0x0000000000000000        0x8 ./Sources/main.o
 .group         0x0000000000000000        0x8 ./Sources/main.o
 .group         0x0000000000000000        0x8 ./Sources/main.o
 .group         0x0000000000000000        0x8 ./Sources/main.o
 .group         0x0000000000000000        0x8 ./Sources/main.o
 .group         0x0000000000000000        0x8 ./Sources/main.o
 .group         0x0000000000000000        0x8 ./Sources/main.o
 .group         0x0000000000000000        0x8 ./Sources/main.o
 .group         0x0000000000000000        0x8 ./Sources/main.o
 .group         0x0000000000000000        0x8 ./Sources/main.o
 .group         0x0000000000000000        0x8 ./Sources/main.o
 .group         0x0000000000000000        0x8 ./Sources/main.o
 .group         0x0000000000000000        0x8 ./Sources/main.o
 .text          0x0000000000000000        0x0 ./Sources/main.o
 .data          0x0000000000000000        0x0 ./Sources/main.o
 .bss           0x0000000000000000        0x0 ./Sources/main.o
 .debug_macro   0x0000000000000000      0x868 ./Sources/main.o
 .debug_macro   0x0000000000000000       0x22 ./Sources/main.o
 .debug_macro   0x0000000000000000       0x44 ./Sources/main.o
 .debug_macro   0x0000000000000000       0x1c ./Sources/main.o
 .debug_macro   0x0000000000000000      0x1f7 ./Sources/main.o
 .debug_macro   0x0000000000000000     0x17de ./Sources/main.o
 .debug_macro   0x0000000000000000      0x14e ./Sources/main.o
 .debug_macro   0x0000000000000000       0x52 ./Sources/main.o
 .debug_macro   0x0000000000000000    0x11173 ./Sources/main.o
 .debug_macro   0x0000000000000000       0x94 ./Sources/main.o
 .debug_macro   0x0000000000000000       0x94 ./Sources/main.o
 .debug_macro   0x0000000000000000      0x12b ./Sources/main.o
 .debug_macro   0x0000000000000000       0x40 ./Sources/main.o
 .debug_macro   0x0000000000000000       0x20 ./Sources/main.o
 .debug_macro   0x0000000000000000       0x65 ./Sources/main.o
 .debug_macro   0x0000000000000000       0x11 ./Sources/main.o
 .group         0x0000000000000000        0x8 ./Project_Settings/Startup_Code/startup.o
 .group         0x0000000000000000        0x8 ./Project_Settings/Startup_Code/startup.o
 .group         0x0000000000000000        0x8 ./Project_Settings/Startup_Code/startup.o
 .group         0x0000000000000000        0x8 ./Project_Settings/Startup_Code/startup.o
 .group         0x0000000000000000        0x8 ./Project_Settings/Startup_Code/startup.o
 .group         0x0000000000000000        0x8 ./Project_Settings/Startup_Code/startup.o
 .group         0x0000000000000000        0x8 ./Project_Settings/Startup_Code/startup.o
 .group         0x0000000000000000        0x8 ./Project_Settings/Startup_Code/startup.o
 .group         0x0000000000000000        0x8 ./Project_Settings/Startup_Code/startup.o
 .group         0x0000000000000000        0x8 ./Project_Settings/Startup_Code/startup.o
 .group         0x0000000000000000        0x8 ./Project_Settings/Startup_Code/startup.o
 .group         0x0000000000000000        0x8 ./Project_Settings/Startup_Code/startup.o
 .group         0x0000000000000000        0x8 ./Project_Settings/Startup_Code/startup.o
 .group         0x0000000000000000        0x8 ./Project_Settings/Startup_Code/startup.o
 .group         0x0000000000000000        0x8 ./Project_Settings/Startup_Code/startup.o
 .group         0x0000000000000000        0x8 ./Project_Settings/Startup_Code/startup.o
 .text          0x0000000000000000        0x0 ./Project_Settings/Startup_Code/startup.o
 .data          0x0000000000000000        0x0 ./Project_Settings/Startup_Code/startup.o
 .bss           0x0000000000000000        0x0 ./Project_Settings/Startup_Code/startup.o
 .text.__init_hardware
                0x0000000000000000        0xc ./Project_Settings/Startup_Code/startup.o
 .text.__iar_program_start
                0x0000000000000000        0xc ./Project_Settings/Startup_Code/startup.o
 .debug_macro   0x0000000000000000      0x868 ./Project_Settings/Startup_Code/startup.o
 .debug_macro   0x0000000000000000       0x22 ./Project_Settings/Startup_Code/startup.o
 .group         0x0000000000000000        0x8 ./Generated_Code/ASerialLdd3.o
 .group         0x0000000000000000        0x8 ./Generated_Code/ASerialLdd3.o
 .group         0x0000000000000000        0x8 ./Generated_Code/ASerialLdd3.o
 .group         0x0000000000000000        0x8 ./Generated_Code/ASerialLdd3.o
 .group         0x0000000000000000        0x8 ./Generated_Code/ASerialLdd3.o
 .group         0x0000000000000000        0x8 ./Generated_Code/ASerialLdd3.o
 .group         0x0000000000000000        0x8 ./Generated_Code/ASerialLdd3.o
 .group         0x0000000000000000        0x8 ./Generated_Code/ASerialLdd3.o
 .group         0x0000000000000000        0x8 ./Generated_Code/ASerialLdd3.o
 .group         0x0000000000000000        0x8 ./Generated_Code/ASerialLdd3.o
 .group         0x0000000000000000        0x8 ./Generated_Code/ASerialLdd3.o
 .group         0x0000000000000000        0x8 ./Generated_Code/ASerialLdd3.o
 .group         0x0000000000000000        0x8 ./Generated_Code/ASerialLdd3.o
 .group         0x0000000000000000        0x8 ./Generated_Code/ASerialLdd3.o
 .text          0x0000000000000000        0x0 ./Generated_Code/ASerialLdd3.o
 .data          0x0000000000000000        0x0 ./Generated_Code/ASerialLdd3.o
 .bss           0x0000000000000000        0x0 ./Generated_Code/ASerialLdd3.o
 .text.ASerialLdd3_SendBlock
                0x0000000000000000       0x58 ./Generated_Code/ASerialLdd3.o
 .text.ASerialLdd3_GetReceivedDataNum
                0x0000000000000000       0x1c ./Generated_Code/ASerialLdd3.o
 .text.ASerialLdd3_GetSentDataNum
                0x0000000000000000       0x1c ./Generated_Code/ASerialLdd3.o
 .text.InterruptRx
                0x0000000000000000       0x50 ./Generated_Code/ASerialLdd3.o
 .text.InterruptTx
                0x0000000000000000       0x60 ./Generated_Code/ASerialLdd3.o
 .text.ASerialLdd3_Main
                0x0000000000000000       0xec ./Generated_Code/ASerialLdd3.o
 .text.ASerialLdd3_GetError
                0x0000000000000000       0x2c ./Generated_Code/ASerialLdd3.o
 .debug_macro   0x0000000000000000      0x868 ./Generated_Code/ASerialLdd3.o
 .debug_macro   0x0000000000000000       0x22 ./Generated_Code/ASerialLdd3.o
 .debug_macro   0x0000000000000000       0x44 ./Generated_Code/ASerialLdd3.o
 .debug_macro   0x0000000000000000       0x1c ./Generated_Code/ASerialLdd3.o
 .debug_macro   0x0000000000000000      0x1f7 ./Generated_Code/ASerialLdd3.o
 .debug_macro   0x0000000000000000     0x17de ./Generated_Code/ASerialLdd3.o
 .debug_macro   0x0000000000000000      0x14e ./Generated_Code/ASerialLdd3.o
 .debug_macro   0x0000000000000000       0x52 ./Generated_Code/ASerialLdd3.o
 .debug_macro   0x0000000000000000    0x11173 ./Generated_Code/ASerialLdd3.o
 .debug_macro   0x0000000000000000       0x94 ./Generated_Code/ASerialLdd3.o
 .debug_macro   0x0000000000000000       0x94 ./Generated_Code/ASerialLdd3.o
 .group         0x0000000000000000        0x8 ./Generated_Code/Bit1.o
 .group         0x0000000000000000        0x8 ./Generated_Code/Bit1.o
 .group         0x0000000000000000        0x8 ./Generated_Code/Bit1.o
 .group         0x0000000000000000        0x8 ./Generated_Code/Bit1.o
 .group         0x0000000000000000        0x8 ./Generated_Code/Bit1.o
 .group         0x0000000000000000        0x8 ./Generated_Code/Bit1.o
 .group         0x0000000000000000        0x8 ./Generated_Code/Bit1.o
 .group         0x0000000000000000        0x8 ./Generated_Code/Bit1.o
 .group         0x0000000000000000        0x8 ./Generated_Code/Bit1.o
 .group         0x0000000000000000        0x8 ./Generated_Code/Bit1.o
 .group         0x0000000000000000        0x8 ./Generated_Code/Bit1.o
 .group         0x0000000000000000        0x8 ./Generated_Code/Bit1.o
 .group         0x0000000000000000        0x8 ./Generated_Code/Bit1.o
 .group         0x0000000000000000        0x8 ./Generated_Code/Bit1.o
 .text          0x0000000000000000        0x0 ./Generated_Code/Bit1.o
 .data          0x0000000000000000        0x0 ./Generated_Code/Bit1.o
 .bss           0x0000000000000000        0x0 ./Generated_Code/Bit1.o
 .debug_info    0x0000000000000000       0x7d ./Generated_Code/Bit1.o
 .debug_abbrev  0x0000000000000000       0x29 ./Generated_Code/Bit1.o
 .debug_aranges
                0x0000000000000000       0x18 ./Generated_Code/Bit1.o
 .debug_macro   0x0000000000000000       0xbe ./Generated_Code/Bit1.o
 .debug_macro   0x0000000000000000      0x868 ./Generated_Code/Bit1.o
 .debug_macro   0x0000000000000000       0x22 ./Generated_Code/Bit1.o
 .debug_macro   0x0000000000000000       0x44 ./Generated_Code/Bit1.o
 .debug_macro   0x0000000000000000       0x1c ./Generated_Code/Bit1.o
 .debug_macro   0x0000000000000000      0x1f7 ./Generated_Code/Bit1.o
 .debug_macro   0x0000000000000000     0x17de ./Generated_Code/Bit1.o
 .debug_macro   0x0000000000000000      0x14e ./Generated_Code/Bit1.o
 .debug_macro   0x0000000000000000       0x52 ./Generated_Code/Bit1.o
 .debug_macro   0x0000000000000000    0x11173 ./Generated_Code/Bit1.o
 .debug_macro   0x0000000000000000       0x94 ./Generated_Code/Bit1.o
 .debug_macro   0x0000000000000000      0x12b ./Generated_Code/Bit1.o
 .debug_macro   0x0000000000000000       0x9a ./Generated_Code/Bit1.o
 .debug_macro   0x0000000000000000       0x40 ./Generated_Code/Bit1.o
 .debug_macro   0x0000000000000000       0x20 ./Generated_Code/Bit1.o
 .debug_line    0x0000000000000000      0x205 ./Generated_Code/Bit1.o
 .debug_str     0x0000000000000000    0x68815 ./Generated_Code/Bit1.o
 .comment       0x0000000000000000       0x71 ./Generated_Code/Bit1.o
 .ARM.attributes
                0x0000000000000000       0x33 ./Generated_Code/Bit1.o
 .group         0x0000000000000000        0x8 ./Generated_Code/BitIoLdd1.o
 .group         0x0000000000000000        0x8 ./Generated_Code/BitIoLdd1.o
 .group         0x0000000000000000        0x8 ./Generated_Code/BitIoLdd1.o
 .group         0x0000000000000000        0x8 ./Generated_Code/BitIoLdd1.o
 .group         0x0000000000000000        0x8 ./Generated_Code/BitIoLdd1.o
 .group         0x0000000000000000        0x8 ./Generated_Code/BitIoLdd1.o
 .group         0x0000000000000000        0x8 ./Generated_Code/BitIoLdd1.o
 .group         0x0000000000000000        0x8 ./Generated_Code/BitIoLdd1.o
 .group         0x0000000000000000        0x8 ./Generated_Code/BitIoLdd1.o
 .group         0x0000000000000000        0x8 ./Generated_Code/BitIoLdd1.o
 .group         0x0000000000000000        0x8 ./Generated_Code/BitIoLdd1.o
 .group         0x0000000000000000        0x8 ./Generated_Code/BitIoLdd1.o
 .group         0x0000000000000000        0x8 ./Generated_Code/BitIoLdd1.o
 .text          0x0000000000000000        0x0 ./Generated_Code/BitIoLdd1.o
 .data          0x0000000000000000        0x0 ./Generated_Code/BitIoLdd1.o
 .bss           0x0000000000000000        0x0 ./Generated_Code/BitIoLdd1.o
 .text.BitIoLdd1_GetVal
                0x0000000000000000       0x30 ./Generated_Code/BitIoLdd1.o
 .text.BitIoLdd1_PutVal
                0x0000000000000000       0x34 ./Generated_Code/BitIoLdd1.o
 .text.BitIoLdd1_ClrVal
                0x0000000000000000       0x20 ./Generated_Code/BitIoLdd1.o
 .text.BitIoLdd1_SetVal
                0x0000000000000000       0x20 ./Generated_Code/BitIoLdd1.o
 .debug_macro   0x0000000000000000      0x868 ./Generated_Code/BitIoLdd1.o
 .debug_macro   0x0000000000000000       0x22 ./Generated_Code/BitIoLdd1.o
 .debug_macro   0x0000000000000000       0x44 ./Generated_Code/BitIoLdd1.o
 .debug_macro   0x0000000000000000       0x1c ./Generated_Code/BitIoLdd1.o
 .debug_macro   0x0000000000000000      0x1f7 ./Generated_Code/BitIoLdd1.o
 .debug_macro   0x0000000000000000     0x17de ./Generated_Code/BitIoLdd1.o
 .debug_macro   0x0000000000000000      0x14e ./Generated_Code/BitIoLdd1.o
 .debug_macro   0x0000000000000000       0x52 ./Generated_Code/BitIoLdd1.o
 .debug_macro   0x0000000000000000    0x11173 ./Generated_Code/BitIoLdd1.o
 .debug_macro   0x0000000000000000       0x94 ./Generated_Code/BitIoLdd1.o
 .debug_macro   0x0000000000000000      0x12b ./Generated_Code/BitIoLdd1.o
 .debug_macro   0x0000000000000000       0x9a ./Generated_Code/BitIoLdd1.o
 .debug_macro   0x0000000000000000       0x40 ./Generated_Code/BitIoLdd1.o
 .group         0x0000000000000000        0x8 ./Generated_Code/Cpu.o
 .group         0x0000000000000000        0x8 ./Generated_Code/Cpu.o
 .group         0x0000000000000000        0x8 ./Generated_Code/Cpu.o
 .group         0x0000000000000000        0x8 ./Generated_Code/Cpu.o
 .group         0x0000000000000000        0x8 ./Generated_Code/Cpu.o
 .group         0x0000000000000000        0x8 ./Generated_Code/Cpu.o
 .group         0x0000000000000000        0x8 ./Generated_Code/Cpu.o
 .group         0x0000000000000000        0x8 ./Generated_Code/Cpu.o
 .group         0x0000000000000000        0x8 ./Generated_Code/Cpu.o
 .group         0x0000000000000000        0x8 ./Generated_Code/Cpu.o
 .group         0x0000000000000000        0x8 ./Generated_Code/Cpu.o
 .group         0x0000000000000000        0x8 ./Generated_Code/Cpu.o
 .group         0x0000000000000000        0x8 ./Generated_Code/Cpu.o
 .group         0x0000000000000000        0x8 ./Generated_Code/Cpu.o
 .group         0x0000000000000000        0x8 ./Generated_Code/Cpu.o
 .group         0x0000000000000000        0x8 ./Generated_Code/Cpu.o
 .text          0x0000000000000000        0x0 ./Generated_Code/Cpu.o
 .data          0x0000000000000000        0x0 ./Generated_Code/Cpu.o
 .bss           0x0000000000000000        0x0 ./Generated_Code/Cpu.o
 .bss.SR_lock   0x0000000000000000        0x1 ./Generated_Code/Cpu.o
 .debug_macro   0x0000000000000000      0x868 ./Generated_Code/Cpu.o
 .debug_macro   0x0000000000000000       0x22 ./Generated_Code/Cpu.o
 .debug_macro   0x0000000000000000       0x44 ./Generated_Code/Cpu.o
 .debug_macro   0x0000000000000000       0x1c ./Generated_Code/Cpu.o
 .debug_macro   0x0000000000000000      0x1f7 ./Generated_Code/Cpu.o
 .debug_macro   0x0000000000000000     0x17de ./Generated_Code/Cpu.o
 .debug_macro   0x0000000000000000      0x14e ./Generated_Code/Cpu.o
 .debug_macro   0x0000000000000000       0x52 ./Generated_Code/Cpu.o
 .debug_macro   0x0000000000000000    0x11173 ./Generated_Code/Cpu.o
 .debug_macro   0x0000000000000000       0x94 ./Generated_Code/Cpu.o
 .debug_macro   0x0000000000000000      0x12b ./Generated_Code/Cpu.o
 .debug_macro   0x0000000000000000       0x9a ./Generated_Code/Cpu.o
 .debug_macro   0x0000000000000000       0x40 ./Generated_Code/Cpu.o
 .debug_macro   0x0000000000000000       0x20 ./Generated_Code/Cpu.o
 .debug_macro   0x0000000000000000       0x65 ./Generated_Code/Cpu.o
 .debug_macro   0x0000000000000000       0x11 ./Generated_Code/Cpu.o
 COMMON         0x0000000000000000        0x1 ./Generated_Code/Cpu.o
 .group         0x0000000000000000        0x8 ./Generated_Code/PE_LDD.o
 .group         0x0000000000000000        0x8 ./Generated_Code/PE_LDD.o
 .group         0x0000000000000000        0x8 ./Generated_Code/PE_LDD.o
 .group         0x0000000000000000        0x8 ./Generated_Code/PE_LDD.o
 .group         0x0000000000000000        0x8 ./Generated_Code/PE_LDD.o
 .group         0x0000000000000000        0x8 ./Generated_Code/PE_LDD.o
 .group         0x0000000000000000        0x8 ./Generated_Code/PE_LDD.o
 .group         0x0000000000000000        0x8 ./Generated_Code/PE_LDD.o
 .group         0x0000000000000000        0x8 ./Generated_Code/PE_LDD.o
 .group         0x0000000000000000        0x8 ./Generated_Code/PE_LDD.o
 .group         0x0000000000000000        0x8 ./Generated_Code/PE_LDD.o
 .group         0x0000000000000000        0x8 ./Generated_Code/PE_LDD.o
 .group         0x0000000000000000        0x8 ./Generated_Code/PE_LDD.o
 .group         0x0000000000000000        0x8 ./Generated_Code/PE_LDD.o
 .group         0x0000000000000000        0x8 ./Generated_Code/PE_LDD.o
 .group         0x0000000000000000        0x8 ./Generated_Code/PE_LDD.o
 .text          0x0000000000000000        0x0 ./Generated_Code/PE_LDD.o
 .data          0x0000000000000000        0x0 ./Generated_Code/PE_LDD.o
 .bss           0x0000000000000000        0x0 ./Generated_Code/PE_LDD.o
 .rodata.PE_CpuClockConfigurations
                0x0000000000000000       0x28 ./Generated_Code/PE_LDD.o
 .text.PE_FillMemory
                0x0000000000000000       0x28 ./Generated_Code/PE_LDD.o
 .text.PE_PeripheralUsed
                0x0000000000000000       0x38 ./Generated_Code/PE_LDD.o
 .text.LDD_SetClockConfiguration
                0x0000000000000000       0x14 ./Generated_Code/PE_LDD.o
 .debug_macro   0x0000000000000000      0x868 ./Generated_Code/PE_LDD.o
 .debug_macro   0x0000000000000000       0x22 ./Generated_Code/PE_LDD.o
 .debug_macro   0x0000000000000000       0x44 ./Generated_Code/PE_LDD.o
 .debug_macro   0x0000000000000000       0x1c ./Generated_Code/PE_LDD.o
 .debug_macro   0x0000000000000000      0x1f7 ./Generated_Code/PE_LDD.o
 .debug_macro   0x0000000000000000     0x17de ./Generated_Code/PE_LDD.o
 .debug_macro   0x0000000000000000      0x14e ./Generated_Code/PE_LDD.o
 .debug_macro   0x0000000000000000       0x52 ./Generated_Code/PE_LDD.o
 .debug_macro   0x0000000000000000    0x11173 ./Generated_Code/PE_LDD.o
 .debug_macro   0x0000000000000000       0x94 ./Generated_Code/PE_LDD.o
 .debug_macro   0x0000000000000000      0x12b ./Generated_Code/PE_LDD.o
 .debug_macro   0x0000000000000000       0x9a ./Generated_Code/PE_LDD.o
 .debug_macro   0x0000000000000000       0x40 ./Generated_Code/PE_LDD.o
 .debug_macro   0x0000000000000000       0x20 ./Generated_Code/PE_LDD.o
 .debug_macro   0x0000000000000000       0x65 ./Generated_Code/PE_LDD.o
 .debug_macro   0x0000000000000000       0x11 ./Generated_Code/PE_LDD.o
 .group         0x0000000000000000        0x8 ./Generated_Code/UART3.o
 .group         0x0000000000000000        0x8 ./Generated_Code/UART3.o
 .group         0x0000000000000000        0x8 ./Generated_Code/UART3.o
 .group         0x0000000000000000        0x8 ./Generated_Code/UART3.o
 .group         0x0000000000000000        0x8 ./Generated_Code/UART3.o
 .group         0x0000000000000000        0x8 ./Generated_Code/UART3.o
 .group         0x0000000000000000        0x8 ./Generated_Code/UART3.o
 .group         0x0000000000000000        0x8 ./Generated_Code/UART3.o
 .group         0x0000000000000000        0x8 ./Generated_Code/UART3.o
 .group         0x0000000000000000        0x8 ./Generated_Code/UART3.o
 .group         0x0000000000000000        0x8 ./Generated_Code/UART3.o
 .group         0x0000000000000000        0x8 ./Generated_Code/UART3.o
 .text          0x0000000000000000        0x0 ./Generated_Code/UART3.o
 .data          0x0000000000000000        0x0 ./Generated_Code/UART3.o
 .bss           0x0000000000000000        0x0 ./Generated_Code/UART3.o
 .bss.OutBuffer
                0x0000000000000000        0x1 ./Generated_Code/UART3.o
 .text.UART3_RecvChar
                0x0000000000000000       0x80 ./Generated_Code/UART3.o
 .text.UART3_SendChar
                0x0000000000000000       0x5c ./Generated_Code/UART3.o
 .text.UART3_GetCharsInRxBuf
                0x0000000000000000       0x24 ./Generated_Code/UART3.o
 .text.UART3_GetCharsInTxBuf
                0x0000000000000000       0x30 ./Generated_Code/UART3.o
 .text.ASerialLdd3_OnBreak
                0x0000000000000000       0x24 ./Generated_Code/UART3.o
 .debug_macro   0x0000000000000000      0x868 ./Generated_Code/UART3.o
 .debug_macro   0x0000000000000000       0x22 ./Generated_Code/UART3.o
 .debug_macro   0x0000000000000000       0x44 ./Generated_Code/UART3.o
 .debug_macro   0x0000000000000000       0x1c ./Generated_Code/UART3.o
 .debug_macro   0x0000000000000000      0x1f7 ./Generated_Code/UART3.o
 .debug_macro   0x0000000000000000     0x17de ./Generated_Code/UART3.o
 .debug_macro   0x0000000000000000      0x14e ./Generated_Code/UART3.o
 .debug_macro   0x0000000000000000       0x52 ./Generated_Code/UART3.o
 .debug_macro   0x0000000000000000    0x11173 ./Generated_Code/UART3.o
 .debug_macro   0x0000000000000000       0x94 ./Generated_Code/UART3.o
 .debug_macro   0x0000000000000000       0x5f ./Generated_Code/UART3.o
 .debug_macro   0x0000000000000000       0x11 ./Generated_Code/UART3.o
 .group         0x0000000000000000        0x8 ./Generated_Code/Vectors.o
 .group         0x0000000000000000        0x8 ./Generated_Code/Vectors.o
 .group         0x0000000000000000        0x8 ./Generated_Code/Vectors.o
 .group         0x0000000000000000        0x8 ./Generated_Code/Vectors.o
 .group         0x0000000000000000        0x8 ./Generated_Code/Vectors.o
 .group         0x0000000000000000        0x8 ./Generated_Code/Vectors.o
 .group         0x0000000000000000        0x8 ./Generated_Code/Vectors.o
 .group         0x0000000000000000        0x8 ./Generated_Code/Vectors.o
 .group         0x0000000000000000        0x8 ./Generated_Code/Vectors.o
 .group         0x0000000000000000        0x8 ./Generated_Code/Vectors.o
 .group         0x0000000000000000        0x8 ./Generated_Code/Vectors.o
 .group         0x0000000000000000        0x8 ./Generated_Code/Vectors.o
 .group         0x0000000000000000        0x8 ./Generated_Code/Vectors.o
 .group         0x0000000000000000        0x8 ./Generated_Code/Vectors.o
 .group         0x0000000000000000        0x8 ./Generated_Code/Vectors.o
 .group         0x0000000000000000        0x8 ./Generated_Code/Vectors.o
 .text          0x0000000000000000        0x0 ./Generated_Code/Vectors.o
 .data          0x0000000000000000        0x0 ./Generated_Code/Vectors.o
 .bss           0x0000000000000000        0x0 ./Generated_Code/Vectors.o
 .debug_macro   0x0000000000000000      0x868 ./Generated_Code/Vectors.o
 .debug_macro   0x0000000000000000       0x22 ./Generated_Code/Vectors.o
 .debug_macro   0x0000000000000000       0x44 ./Generated_Code/Vectors.o
 .debug_macro   0x0000000000000000       0x1c ./Generated_Code/Vectors.o
 .debug_macro   0x0000000000000000      0x1f7 ./Generated_Code/Vectors.o
 .debug_macro   0x0000000000000000     0x17de ./Generated_Code/Vectors.o
 .debug_macro   0x0000000000000000      0x14e ./Generated_Code/Vectors.o
 .debug_macro   0x0000000000000000       0x52 ./Generated_Code/Vectors.o
 .debug_macro   0x0000000000000000    0x11173 ./Generated_Code/Vectors.o
 .debug_macro   0x0000000000000000       0x94 ./Generated_Code/Vectors.o
 .debug_macro   0x0000000000000000       0x94 ./Generated_Code/Vectors.o
 .debug_macro   0x0000000000000000      0x12b ./Generated_Code/Vectors.o
 .debug_macro   0x0000000000000000       0x40 ./Generated_Code/Vectors.o
 .debug_macro   0x0000000000000000       0x20 ./Generated_Code/Vectors.o
 .debug_macro   0x0000000000000000       0x65 ./Generated_Code/Vectors.o
 .debug_macro   0x0000000000000000       0x11 ./Generated_Code/Vectors.o
 .text          0x0000000000000000        0x0 /usr/bin/../lib/gcc/arm-none-eabi/4.9.3/../../../../arm-none-eabi/lib/armv7e-m/libg.a(lib_a-exit.o)
 .data          0x0000000000000000        0x0 /usr/bin/../lib/gcc/arm-none-eabi/4.9.3/../../../../arm-none-eabi/lib/armv7e-m/libg.a(lib_a-exit.o)
 .bss           0x0000000000000000        0x0 /usr/bin/../lib/gcc/arm-none-eabi/4.9.3/../../../../arm-none-eabi/lib/armv7e-m/libg.a(lib_a-exit.o)
 .text.exit     0x0000000000000000       0x20 /usr/bin/../lib/gcc/arm-none-eabi/4.9.3/../../../../arm-none-eabi/lib/armv7e-m/libg.a(lib_a-exit.o)
 .debug_frame   0x0000000000000000       0x28 /usr/bin/../lib/gcc/arm-none-eabi/4.9.3/../../../../arm-none-eabi/lib/armv7e-m/libg.a(lib_a-exit.o)
 .ARM.attributes
                0x0000000000000000       0x2e /usr/bin/../lib/gcc/arm-none-eabi/4.9.3/../../../../arm-none-eabi/lib/armv7e-m/libg.a(lib_a-exit.o)
 .text          0x0000000000000000        0x0 /usr/bin/../lib/gcc/arm-none-eabi/4.9.3/../../../../arm-none-eabi/lib/armv7e-m/libg.a(lib_a-impure.o)
 .data          0x0000000000000000        0x0 /usr/bin/../lib/gcc/arm-none-eabi/4.9.3/../../../../arm-none-eabi/lib/armv7e-m/libg.a(lib_a-impure.o)
 .bss           0x0000000000000000        0x0 /usr/bin/../lib/gcc/arm-none-eabi/4.9.3/../../../../arm-none-eabi/lib/armv7e-m/libg.a(lib_a-impure.o)
 .data._impure_ptr
                0x0000000000000000        0x4 /usr/bin/../lib/gcc/arm-none-eabi/4.9.3/../../../../arm-none-eabi/lib/armv7e-m/libg.a(lib_a-impure.o)
 .text          0x0000000000000000        0x0 /usr/bin/../lib/gcc/arm-none-eabi/4.9.3/../../../../arm-none-eabi/lib/armv7e-m/libg.a(lib_a-init.o)
 .data          0x0000000000000000        0x0 /usr/bin/../lib/gcc/arm-none-eabi/4.9.3/../../../../arm-none-eabi/lib/armv7e-m/libg.a(lib_a-init.o)
 .bss           0x0000000000000000        0x0 /usr/bin/../lib/gcc/arm-none-eabi/4.9.3/../../../../arm-none-eabi/lib/armv7e-m/libg.a(lib_a-init.o)
 .text.__libc_init_array
                0x0000000000000000       0x50 /usr/bin/../lib/gcc/arm-none-eabi/4.9.3/../../../../arm-none-eabi/lib/armv7e-m/libg.a(lib_a-init.o)
 .debug_frame   0x0000000000000000       0x2c /usr/bin/../lib/gcc/arm-none-eabi/4.9.3/../../../../arm-none-eabi/lib/armv7e-m/libg.a(lib_a-init.o)
 .ARM.attributes
                0x0000000000000000       0x2e /usr/bin/../lib/gcc/arm-none-eabi/4.9.3/../../../../arm-none-eabi/lib/armv7e-m/libg.a(lib_a-init.o)
 .text          0x0000000000000000        0x0 /usr/bin/../lib/gcc/arm-none-eabi/4.9.3/../../../../arm-none-eabi/lib/armv7e-m/libg.a(lib_a-memset.o)
 .data          0x0000000000000000        0x0 /usr/bin/../lib/gcc/arm-none-eabi/4.9.3/../../../../arm-none-eabi/lib/armv7e-m/libg.a(lib_a-memset.o)
 .bss           0x0000000000000000        0x0 /usr/bin/../lib/gcc/arm-none-eabi/4.9.3/../../../../arm-none-eabi/lib/armv7e-m/libg.a(lib_a-memset.o)
 .text.memset   0x0000000000000000       0x9c /usr/bin/../lib/gcc/arm-none-eabi/4.9.3/../../../../arm-none-eabi/lib/armv7e-m/libg.a(lib_a-memset.o)
 .debug_frame   0x0000000000000000       0x34 /usr/bin/../lib/gcc/arm-none-eabi/4.9.3/../../../../arm-none-eabi/lib/armv7e-m/libg.a(lib_a-memset.o)
 .ARM.attributes
                0x0000000000000000       0x2e /usr/bin/../lib/gcc/arm-none-eabi/4.9.3/../../../../arm-none-eabi/lib/armv7e-m/libg.a(lib_a-memset.o)
 .text          0x0000000000000000        0x0 /usr/bin/../lib/gcc/arm-none-eabi/4.9.3/../../../../arm-none-eabi/lib/armv7e-m/libg.a(lib_a-__call_atexit.o)
 .data          0x0000000000000000        0x0 /usr/bin/../lib/gcc/arm-none-eabi/4.9.3/../../../../arm-none-eabi/lib/armv7e-m/libg.a(lib_a-__call_atexit.o)
 .bss           0x0000000000000000        0x0 /usr/bin/../lib/gcc/arm-none-eabi/4.9.3/../../../../arm-none-eabi/lib/armv7e-m/libg.a(lib_a-__call_atexit.o)
 .text.__call_exitprocs
                0x0000000000000000       0xd4 /usr/bin/../lib/gcc/arm-none-eabi/4.9.3/../../../../arm-none-eabi/lib/armv7e-m/libg.a(lib_a-__call_atexit.o)
 .text          0x0000000000000000        0x0 /usr/bin/../lib/gcc/arm-none-eabi/4.9.3/../../../../arm-none-eabi/lib/armv7e-m/libg.a(lib_a-atexit.o)
 .data          0x0000000000000000        0x0 /usr/bin/../lib/gcc/arm-none-eabi/4.9.3/../../../../arm-none-eabi/lib/armv7e-m/libg.a(lib_a-atexit.o)
 .bss           0x0000000000000000        0x0 /usr/bin/../lib/gcc/arm-none-eabi/4.9.3/../../../../arm-none-eabi/lib/armv7e-m/libg.a(lib_a-atexit.o)
 .text          0x0000000000000000        0x0 /usr/bin/../lib/gcc/arm-none-eabi/4.9.3/../../../../arm-none-eabi/lib/armv7e-m/libg.a(lib_a-fini.o)
 .data          0x0000000000000000        0x0 /usr/bin/../lib/gcc/arm-none-eabi/4.9.3/../../../../arm-none-eabi/lib/armv7e-m/libg.a(lib_a-fini.o)
 .bss           0x0000000000000000        0x0 /usr/bin/../lib/gcc/arm-none-eabi/4.9.3/../../../../arm-none-eabi/lib/armv7e-m/libg.a(lib_a-fini.o)
 .text          0x0000000000000000        0x0 /usr/bin/../lib/gcc/arm-none-eabi/4.9.3/../../../../arm-none-eabi/lib/armv7e-m/libg.a(lib_a-__atexit.o)
 .data          0x0000000000000000        0x0 /usr/bin/../lib/gcc/arm-none-eabi/4.9.3/../../../../arm-none-eabi/lib/armv7e-m/libg.a(lib_a-__atexit.o)
 .bss           0x0000000000000000        0x0 /usr/bin/../lib/gcc/arm-none-eabi/4.9.3/../../../../arm-none-eabi/lib/armv7e-m/libg.a(lib_a-__atexit.o)
 .text          0x0000000000000000        0x0 /usr/bin/../lib/gcc/arm-none-eabi/4.9.3/armv7e-m/crtend.o
 .data          0x0000000000000000        0x0 /usr/bin/../lib/gcc/arm-none-eabi/4.9.3/armv7e-m/crtend.o
 .bss           0x0000000000000000        0x0 /usr/bin/../lib/gcc/arm-none-eabi/4.9.3/armv7e-m/crtend.o
 .eh_frame      0x0000000000000000        0x4 /usr/bin/../lib/gcc/arm-none-eabi/4.9.3/armv7e-m/crtend.o
 .jcr           0x0000000000000000        0x4 /usr/bin/../lib/gcc/arm-none-eabi/4.9.3/armv7e-m/crtend.o
 .ARM.attributes
                0x0000000000000000       0x2e /usr/bin/../lib/gcc/arm-none-eabi/4.9.3/armv7e-m/crtend.o
 .text          0x0000000000000000        0x0 /usr/bin/../lib/gcc/arm-none-eabi/4.9.3/armv7e-m/crtn.o
 .data          0x0000000000000000        0x0 /usr/bin/../lib/gcc/arm-none-eabi/4.9.3/armv7e-m/crtn.o
 .bss           0x0000000000000000        0x0 /usr/bin/../lib/gcc/arm-none-eabi/4.9.3/armv7e-m/crtn.o

Memory Configuration

Name             Origin             Length             Attributes
m_interrupts     0x0000000000000000 0x00000000000001e0 xr
m_text           0x0000000000000410 0x000000000007fbf0 xr
m_data           0x000000001fff0000 0x0000000000010000 rw
m_data_20000000  0x0000000020000000 0x0000000000010000 rw
m_cfmprotrom     0x0000000000000400 0x0000000000000010 xr
*default*        0x0000000000000000 0xffffffffffffffff

Linker script and memory map

LOAD /usr/bin/../lib/gcc/arm-none-eabi/4.9.3/armv7e-m/crti.o
LOAD /usr/bin/../lib/gcc/arm-none-eabi/4.9.3/armv7e-m/crtbegin.o
LOAD /usr/bin/../lib/gcc/arm-none-eabi/4.9.3/../../../../arm-none-eabi/lib/armv7e-m/crt0.o
LOAD ./Sources/Events.o
LOAD ./Sources/main.o
LOAD ./Project_Settings/Startup_Code/startup.o
LOAD ./Generated_Code/ASerialLdd3.o
LOAD ./Generated_Code/Bit1.o
LOAD ./Generated_Code/BitIoLdd1.o
LOAD ./Generated_Code/Cpu.o
LOAD ./Generated_Code/PE_LDD.o
LOAD ./Generated_Code/UART3.o
LOAD ./Generated_Code/Vectors.o
LOAD /usr/bin/../lib/gcc/arm-none-eabi/4.9.3/../../../../arm-none-eabi/lib/armv7e-m/libstdc++.a
LOAD /usr/bin/../lib/gcc/arm-none-eabi/4.9.3/../../../../arm-none-eabi/lib/armv7e-m/libm.a
START GROUP
LOAD /usr/bin/../lib/gcc/arm-none-eabi/4.9.3/armv7e-m/libgcc.a
LOAD /usr/bin/../lib/gcc/arm-none-eabi/4.9.3/../../../../arm-none-eabi/lib/armv7e-m/libg.a
LOAD /usr/bin/../lib/gcc/arm-none-eabi/4.9.3/../../../../arm-none-eabi/lib/armv7e-m/libc.a
END GROUP
LOAD /usr/bin/../lib/gcc/arm-none-eabi/4.9.3/armv7e-m/crtend.o
LOAD /usr/bin/../lib/gcc/arm-none-eabi/4.9.3/armv7e-m/crtn.o
                0x0000000020000000                _estack = 0x20000000
                0x0000000020000000                __SP_INIT = _estack
                0x0000000000000000                __heap_size = 0x0
                0x0000000000000400                __stack_size = 0x400

.interrupts     0x0000000000000000      0x1e0
                0x0000000000000000                __vector_table = .
                0x0000000000000000                . = ALIGN (0x4)
 *(.vectortable)
 .vectortable   0x0000000000000000      0x1e0 ./Generated_Code/Vectors.o
                0x0000000000000000                __vect_table
                0x00000000000001e0                . = ALIGN (0x4)

.cfmprotect     0x0000000000000400       0x10
                0x0000000000000400                . = ALIGN (0x4)
 *(.cfmconfig)
 .cfmconfig     0x0000000000000400       0x10 ./Generated_Code/Cpu.o
                0x0000000000000400                _cfm
                0x0000000000000410                . = ALIGN (0x4)

.text           0x0000000000000410      0x8d0
                0x0000000000000410                . = ALIGN (0x4)
 *(.text)
 .text          0x0000000000000410       0x5c /usr/bin/../lib/gcc/arm-none-eabi/4.9.3/armv7e-m/crtbegin.o
 *(.text*)
 .text.Cpu_OnNMIINT
                0x000000000000046c        0xc ./Sources/Events.o
                0x000000000000046c                Cpu_OnNMIINT
 .text.main     0x0000000000000478        0xc ./Sources/main.o
                0x0000000000000478                main
 .text.__flush_cache
                0x0000000000000484       0x14 ./Project_Settings/Startup_Code/startup.o
                0x0000000000000484                __flush_cache
 .text.__copy_rom_section
                0x0000000000000498       0xe4 ./Project_Settings/Startup_Code/startup.o
                0x0000000000000498                __copy_rom_section
 .text.__copy_rom_sections_to_ram
                0x000000000000057c       0xc4 ./Project_Settings/Startup_Code/startup.o
                0x000000000000057c                __copy_rom_sections_to_ram
 .text.zero_fill_bss
                0x0000000000000640       0xb4 ./Project_Settings/Startup_Code/startup.o
 .text.__init_registers
                0x00000000000006f4        0xc ./Project_Settings/Startup_Code/startup.o
                0x00000000000006f4                __init_registers
 .text.__init_user
                0x0000000000000700        0xc ./Project_Settings/Startup_Code/startup.o
                0x0000000000000700                __init_user
 .text.__thumb_startup
                0x000000000000070c       0x48 ./Project_Settings/Startup_Code/startup.o
                0x000000000000070c                __thumb_startup
 .text.ASerialLdd3_Init
                0x0000000000000754      0x160 ./Generated_Code/ASerialLdd3.o
                0x0000000000000754                ASerialLdd3_Init
 .text.ASerialLdd3_ReceiveBlock
                0x00000000000008b4       0x48 ./Generated_Code/ASerialLdd3.o
                0x00000000000008b4                ASerialLdd3_ReceiveBlock
 .text.BitIoLdd1_Init
                0x00000000000008fc       0x64 ./Generated_Code/BitIoLdd1.o
                0x00000000000008fc                BitIoLdd1_Init
 .text.Cpu_INT_NMIInterrupt
                0x0000000000000960       0x1c ./Generated_Code/Cpu.o
                0x0000000000000960                Cpu_INT_NMIInterrupt
 .text.Cpu_Interrupt
                0x000000000000097c       0x18 ./Generated_Code/Cpu.o
                0x000000000000097c                Cpu_Interrupt
 .text.__init_hardware
                0x0000000000000994      0x120 ./Generated_Code/Cpu.o
                0x0000000000000994                __init_hardware
 .text.Cpu_SetBASEPRI
                0x0000000000000ab4       0x18 ./Generated_Code/Cpu.o
                0x0000000000000ab4                Cpu_SetBASEPRI
 .text.PE_low_level_init
                0x0000000000000acc       0xc4 ./Generated_Code/Cpu.o
                0x0000000000000acc                PE_low_level_init
 .text.HWEnDi   0x0000000000000b90       0x1c ./Generated_Code/UART3.o
 .text.UART3_Init
                0x0000000000000bac       0x24 ./Generated_Code/UART3.o
                0x0000000000000bac                UART3_Init
 .text.startup.register_fini
                0x0000000000000bd0       0x14 /usr/bin/../lib/gcc/arm-none-eabi/4.9.3/../../../../arm-none-eabi/lib/armv7e-m/libg.a(lib_a-__call_atexit.o)
 .text.atexit   0x0000000000000be4        0xc /usr/bin/../lib/gcc/arm-none-eabi/4.9.3/../../../../arm-none-eabi/lib/armv7e-m/libg.a(lib_a-atexit.o)
                0x0000000000000be4                atexit
 .text.__libc_fini_array
                0x0000000000000bf0       0x2c /usr/bin/../lib/gcc/arm-none-eabi/4.9.3/../../../../arm-none-eabi/lib/armv7e-m/libg.a(lib_a-fini.o)
                0x0000000000000bf0                __libc_fini_array
 .text.__register_exitproc
                0x0000000000000c1c       0xa4 /usr/bin/../lib/gcc/arm-none-eabi/4.9.3/../../../../arm-none-eabi/lib/armv7e-m/libg.a(lib_a-__atexit.o)
                0x0000000000000c1c                __register_exitproc
 *(.rodata)
 *(.rodata*)
 .rodata.str1.4
                0x0000000000000cc0        0x4 /usr/bin/../lib/gcc/arm-none-eabi/4.9.3/../../../../arm-none-eabi/lib/armv7e-m/libg.a(lib_a-impure.o)
 .rodata._global_impure_ptr
                0x0000000000000cc4        0x4 /usr/bin/../lib/gcc/arm-none-eabi/4.9.3/../../../../arm-none-eabi/lib/armv7e-m/libg.a(lib_a-impure.o)
                0x0000000000000cc4                _global_impure_ptr
 *(.glue_7)
 .glue_7        0x0000000000000000        0x0 linker stubs
 *(.glue_7t)
 .glue_7t       0x0000000000000000        0x0 linker stubs
 *(.eh_frame)
 .eh_frame      0x0000000000000cc8        0x0 /usr/bin/../lib/gcc/arm-none-eabi/4.9.3/armv7e-m/crtbegin.o
 *(.init)
 .init          0x0000000000000cc8        0x4 /usr/bin/../lib/gcc/arm-none-eabi/4.9.3/armv7e-m/crti.o
                0x0000000000000cc8                _init
 .init          0x0000000000000ccc        0x8 /usr/bin/../lib/gcc/arm-none-eabi/4.9.3/armv7e-m/crtn.o
 *(.fini)
 .fini          0x0000000000000cd4        0x4 /usr/bin/../lib/gcc/arm-none-eabi/4.9.3/armv7e-m/crti.o
                0x0000000000000cd4                _fini
 .fini          0x0000000000000cd8        0x8 /usr/bin/../lib/gcc/arm-none-eabi/4.9.3/armv7e-m/crtn.o
                0x0000000000000ce0                . = ALIGN (0x4)
                0x0000000000000ce0                _etext = .

.vfp11_veneer   0x0000000000000ce0        0x0
 .vfp11_veneer  0x0000000000000000        0x0 linker stubs

.v4_bx          0x0000000000000ce0        0x0
 .v4_bx         0x0000000000000000        0x0 linker stubs

.iplt           0x0000000000000ce0        0x0
 .iplt          0x0000000000000000        0x0 /usr/bin/../lib/gcc/arm-none-eabi/4.9.3/armv7e-m/crtbegin.o

.rel.dyn        0x0000000000000ce0        0x0
 .rel.iplt      0x0000000000000000        0x0 /usr/bin/../lib/gcc/arm-none-eabi/4.9.3/armv7e-m/crtbegin.o

.ARM.extab
 *(.ARM.extab* .gnu.linkonce.armextab.*)

.ARM            0x0000000000000ce0        0x0
                0x0000000000000ce0                __exidx_start = .
 *(.ARM.exidx*)
                0x0000000000000ce0                __exidx_end = .

.ctors          0x0000000000000ce0        0x0
                0x0000000000000ce0                __CTOR_LIST__ = .
 *crtbegin.o(.ctors)
 *(EXCLUDE_FILE(*crtend.o) .ctors)
 *(SORT(.ctors.*))
 *(.ctors)
                0x0000000000000ce0                __CTOR_END__ = .

.dtors          0x0000000000000ce0        0x0
                0x0000000000000ce0                __DTOR_LIST__ = .
 *crtbegin.o(.dtors)
 *(EXCLUDE_FILE(*crtend.o) .dtors)
 *(SORT(.dtors.*))
 *(.dtors)
                0x0000000000000ce0                __DTOR_END__ = .

.preinit_array  0x0000000000000ce0        0x0
                0x0000000000000ce0                PROVIDE (__preinit_array_start, .)
 *(.preinit_array*)
                0x0000000000000ce0                PROVIDE (__preinit_array_end, .)

.init_array     0x0000000000000ce0        0x8
                0x0000000000000ce0                PROVIDE (__init_array_start, .)
 *(SORT(.init_array.*))
 .init_array.00000
                0x0000000000000ce0        0x4 /usr/bin/../lib/gcc/arm-none-eabi/4.9.3/../../../../arm-none-eabi/lib/armv7e-m/libg.a(lib_a-__call_atexit.o)
 *(.init_array*)
 .init_array    0x0000000000000ce4        0x4 /usr/bin/../lib/gcc/arm-none-eabi/4.9.3/armv7e-m/crtbegin.o
                0x0000000000000ce8                PROVIDE (__init_array_end, .)

.fini_array     0x0000000000000ce8        0x4
                0x0000000000000ce8                PROVIDE (__fini_array_start, .)
 *(SORT(.fini_array.*))
 *(.fini_array*)
 .fini_array    0x0000000000000ce8        0x4 /usr/bin/../lib/gcc/arm-none-eabi/4.9.3/armv7e-m/crtbegin.o
                0x0000000000000cec                PROVIDE (__fini_array_end, .)
                0x0000000000000cec                ___ROM_AT = .

.data           0x000000001fff0000      0x428 load address 0x0000000000000cec
                0x000000001fff0000                . = ALIGN (0x4)
                0x000000001fff0000                _sdata = .
 *(.data)
 *(.data*)
 .data.impure_data
                0x000000001fff0000      0x428 /usr/bin/../lib/gcc/arm-none-eabi/4.9.3/../../../../arm-none-eabi/lib/armv7e-m/libg.a(lib_a-impure.o)
                0x000000001fff0428                . = ALIGN (0x4)
                0x000000001fff0428                _edata = .
                0x0000000000000428                ___data_size = (_edata - _sdata)
                0x0000000000001114                ___m_data_20000000_ROMStart = (___ROM_AT + SIZEOF (.data))

.jcr            0x000000001fff0428        0x0 load address 0x0000000000001114
 .jcr           0x000000001fff0428        0x0 /usr/bin/../lib/gcc/arm-none-eabi/4.9.3/armv7e-m/crtbegin.o

.igot.plt       0x000000001fff0428        0x0 load address 0x0000000000001114
 .igot.plt      0x0000000000000000        0x0 /usr/bin/../lib/gcc/arm-none-eabi/4.9.3/armv7e-m/crtbegin.o

.m_data_20000000
                0x0000000020000000        0x0 load address 0x0000000000001114
                0x0000000020000000                . = ALIGN (0x4)
                0x0000000020000000                ___m_data_20000000_RAMStart = .
 *(.m_data_20000000)
                0x0000000020000000                ___m_data_20000000_RAMEnd = .
                0x0000000020000000                . = ALIGN (0x4)
                0x0000000000000000                ___m_data_20000000_ROMSize = (___m_data_20000000_RAMEnd - ___m_data_20000000_RAMStart)
                0x0000000020000000                . = ALIGN (0x4)

.bss            0x000000001fff0428       0x78 load address 0x0000000000001114
                0x000000001fff0428                __START_BSS = .
                0x000000001fff0428                PROVIDE (__bss_start__, __START_BSS)
 *(.bss)
 .bss           0x000000001fff0428       0x1c /usr/bin/../lib/gcc/arm-none-eabi/4.9.3/armv7e-m/crtbegin.o
 *(.bss*)
 .bss.argv      0x000000001fff0444       0x28 ./Project_Settings/Startup_Code/startup.o
 .bss.DeviceDataPrv__DEFAULT_RTOS_ALLOC
                0x000000001fff046c       0x20 ./Generated_Code/ASerialLdd3.o
 .bss.DeviceDataPrv__DEFAULT_RTOS_ALLOC
                0x000000001fff048c        0x4 ./Generated_Code/BitIoLdd1.o
 .bss.PE_LDD_DeviceDataList
                0x000000001fff0490        0x8 ./Generated_Code/PE_LDD.o
                0x000000001fff0490                PE_LDD_DeviceDataList
 .bss.SerFlag   0x000000001fff0498        0x2 ./Generated_Code/UART3.o
 .bss.BufferRead
                0x000000001fff049a        0x1 ./Generated_Code/UART3.o
 *(COMMON)
 *fill*         0x000000001fff049b        0x1 
 COMMON         0x000000001fff049c        0x4 ./Generated_Code/UART3.o
                0x000000001fff049c                ASerialLdd3_DeviceDataPtr
                0x000000001fff04a0                . = ALIGN (0x4)
                0x000000001fff04a0                __END_BSS = .
                0x000000001fff04a0                PROVIDE (__bss_end__, __END_BSS)
                0x0000000000001114                _romp_at = ((___ROM_AT + SIZEOF (.data)) + SIZEOF (.m_data_20000000))

.romp           0x000000001fff04a0       0x24 load address 0x0000000000001114
                0x0000000000001114                __S_romp = _romp_at
                0x000000001fff04a0        0x4 LONG 0xcec ___ROM_AT
                0x000000001fff04a4        0x4 LONG 0x1fff0000 _sdata
                0x000000001fff04a8        0x4 LONG 0x428 ___data_size
                0x000000001fff04ac        0x4 LONG 0x1114 ___m_data_20000000_ROMStart
                0x000000001fff04b0        0x4 LONG 0x20000000 ___m_data_20000000_RAMStart
                0x000000001fff04b4        0x4 LONG 0x0 ___m_data_20000000_ROMSize
                0x000000001fff04b8        0x4 LONG 0x0
                0x000000001fff04bc        0x4 LONG 0x0
                0x000000001fff04c0        0x4 LONG 0x0

._user_heap_stack
                0x000000001fff04c4      0x400 load address 0x0000000000001138
                0x000000001fff04c4                . = ALIGN (0x4)
                0x000000001fff04c4                PROVIDE (end, .)
                0x000000001fff04c4                PROVIDE (_end, .)
                0x000000001fff04c4                __heap_addr = .
                0x000000001fff04c4                . = (. + __heap_size)
                0x000000001fff08c4                . = (. + __stack_size)
 *fill*         0x000000001fff04c4      0x400 
                0x000000001fff08c4                . = ALIGN (0x4)

.ARM.attributes
                0x0000000000000000       0x2a
 *(.ARM.attributes)
 .ARM.attributes
                0x0000000000000000       0x1e /usr/bin/../lib/gcc/arm-none-eabi/4.9.3/armv7e-m/crti.o
 .ARM.attributes
                0x000000000000001e       0x2e /usr/bin/../lib/gcc/arm-none-eabi/4.9.3/armv7e-m/crtbegin.o
 .ARM.attributes
                0x000000000000004c       0x33 ./Sources/Events.o
 .ARM.attributes
                0x000000000000007f       0x33 ./Sources/main.o
 .ARM.attributes
                0x00000000000000b2       0x33 ./Project_Settings/Startup_Code/startup.o
 .ARM.attributes
                0x00000000000000e5       0x33 ./Generated_Code/ASerialLdd3.o
 .ARM.attributes
                0x0000000000000118       0x33 ./Generated_Code/BitIoLdd1.o
 .ARM.attributes
                0x000000000000014b       0x33 ./Generated_Code/Cpu.o
 .ARM.attributes
                0x000000000000017e       0x33 ./Generated_Code/PE_LDD.o
 .ARM.attributes
                0x00000000000001b1       0x33 ./Generated_Code/UART3.o
 .ARM.attributes
                0x00000000000001e4       0x33 ./Generated_Code/Vectors.o
 .ARM.attributes
                0x0000000000000217       0x2e /usr/bin/../lib/gcc/arm-none-eabi/4.9.3/../../../../arm-none-eabi/lib/armv7e-m/libg.a(lib_a-impure.o)
 .ARM.attributes
                0x0000000000000245       0x2e /usr/bin/../lib/gcc/arm-none-eabi/4.9.3/../../../../arm-none-eabi/lib/armv7e-m/libg.a(lib_a-__call_atexit.o)
 .ARM.attributes
                0x0000000000000273       0x2e /usr/bin/../lib/gcc/arm-none-eabi/4.9.3/../../../../arm-none-eabi/lib/armv7e-m/libg.a(lib_a-atexit.o)
 .ARM.attributes
                0x00000000000002a1       0x2e /usr/bin/../lib/gcc/arm-none-eabi/4.9.3/../../../../arm-none-eabi/lib/armv7e-m/libg.a(lib_a-fini.o)
 .ARM.attributes
                0x00000000000002cf       0x2e /usr/bin/../lib/gcc/arm-none-eabi/4.9.3/../../../../arm-none-eabi/lib/armv7e-m/libg.a(lib_a-__atexit.o)
 .ARM.attributes
                0x00000000000002fd       0x1e /usr/bin/../lib/gcc/arm-none-eabi/4.9.3/armv7e-m/crtn.o
OUTPUT(k60_uart3.elf elf32-littlearm)

.debug_info     0x0000000000000000     0x1fdf
 .debug_info    0x0000000000000000       0x96 ./Sources/Events.o
 .debug_info    0x0000000000000096       0x9a ./Sources/main.o
 .debug_info    0x0000000000000130      0x308 ./Project_Settings/Startup_Code/startup.o
 .debug_info    0x0000000000000438      0x88b ./Generated_Code/ASerialLdd3.o
 .debug_info    0x0000000000000cc3      0x351 ./Generated_Code/BitIoLdd1.o
 .debug_info    0x0000000000001014      0xa4a ./Generated_Code/Cpu.o
 .debug_info    0x0000000000001a5e      0x251 ./Generated_Code/PE_LDD.o
 .debug_info    0x0000000000001caf      0x221 ./Generated_Code/UART3.o
 .debug_info    0x0000000000001ed0      0x10f ./Generated_Code/Vectors.o

.debug_abbrev   0x0000000000000000      0x945
 .debug_abbrev  0x0000000000000000       0x45 ./Sources/Events.o
 .debug_abbrev  0x0000000000000045       0x47 ./Sources/main.o
 .debug_abbrev  0x000000000000008c      0x148 ./Project_Settings/Startup_Code/startup.o
 .debug_abbrev  0x00000000000001d4      0x1c3 ./Generated_Code/ASerialLdd3.o
 .debug_abbrev  0x0000000000000397      0x136 ./Generated_Code/BitIoLdd1.o
 .debug_abbrev  0x00000000000004cd      0x196 ./Generated_Code/Cpu.o
 .debug_abbrev  0x0000000000000663      0x10d ./Generated_Code/PE_LDD.o
 .debug_abbrev  0x0000000000000770      0x131 ./Generated_Code/UART3.o
 .debug_abbrev  0x00000000000008a1       0xa4 ./Generated_Code/Vectors.o

.debug_aranges  0x0000000000000000      0x218
 .debug_aranges
                0x0000000000000000       0x20 ./Sources/Events.o
 .debug_aranges
                0x0000000000000020       0x20 ./Sources/main.o
 .debug_aranges
                0x0000000000000040       0x60 ./Project_Settings/Startup_Code/startup.o
 .debug_aranges
                0x00000000000000a0       0x60 ./Generated_Code/ASerialLdd3.o
 .debug_aranges
                0x0000000000000100       0x40 ./Generated_Code/BitIoLdd1.o
 .debug_aranges
                0x0000000000000140       0x40 ./Generated_Code/Cpu.o
 .debug_aranges
                0x0000000000000180       0x30 ./Generated_Code/PE_LDD.o
 .debug_aranges
                0x00000000000001b0       0x50 ./Generated_Code/UART3.o
 .debug_aranges
                0x0000000000000200       0x18 ./Generated_Code/Vectors.o

.debug_ranges   0x0000000000000000      0x180
 .debug_ranges  0x0000000000000000       0x10 ./Sources/Events.o
 .debug_ranges  0x0000000000000010       0x10 ./Sources/main.o
 .debug_ranges  0x0000000000000020       0x50 ./Project_Settings/Startup_Code/startup.o
 .debug_ranges  0x0000000000000070       0x50 ./Generated_Code/ASerialLdd3.o
 .debug_ranges  0x00000000000000c0       0x30 ./Generated_Code/BitIoLdd1.o
 .debug_ranges  0x00000000000000f0       0x30 ./Generated_Code/Cpu.o
 .debug_ranges  0x0000000000000120       0x20 ./Generated_Code/PE_LDD.o
 .debug_ranges  0x0000000000000140       0x40 ./Generated_Code/UART3.o

.debug_macro    0x0000000000000000    0x15181
 .debug_macro   0x0000000000000000      0x102 ./Sources/Events.o
 .debug_macro   0x0000000000000102      0x868 ./Sources/Events.o
 .debug_macro   0x000000000000096a       0x22 ./Sources/Events.o
 .debug_macro   0x000000000000098c       0x44 ./Sources/Events.o
 .debug_macro   0x00000000000009d0       0x1c ./Sources/Events.o
 .debug_macro   0x00000000000009ec      0x1f7 ./Sources/Events.o
 .debug_macro   0x0000000000000be3     0x17de ./Sources/Events.o
 .debug_macro   0x00000000000023c1      0x14e ./Sources/Events.o
 .debug_macro   0x000000000000250f       0x52 ./Sources/Events.o
 .debug_macro   0x0000000000002561    0x11173 ./Sources/Events.o
 .debug_macro   0x00000000000136d4       0x94 ./Sources/Events.o
 .debug_macro   0x0000000000013768       0x94 ./Sources/Events.o
 .debug_macro   0x00000000000137fc      0x12b ./Sources/Events.o
 .debug_macro   0x0000000000013927       0x40 ./Sources/Events.o
 .debug_macro   0x0000000000013967       0x20 ./Sources/Events.o
 .debug_macro   0x0000000000013987       0x65 ./Sources/Events.o
 .debug_macro   0x00000000000139ec       0x11 ./Sources/Events.o
 .debug_macro   0x00000000000139fd      0x102 ./Sources/main.o
 .debug_macro   0x0000000000013aff      0x102 ./Project_Settings/Startup_Code/startup.o
 .debug_macro   0x0000000000013c01       0x58 ./Project_Settings/Startup_Code/startup.o
 .debug_macro   0x0000000000013c59       0x35 ./Project_Settings/Startup_Code/startup.o
 .debug_macro   0x0000000000013c8e       0x9c ./Project_Settings/Startup_Code/startup.o
 .debug_macro   0x0000000000013d2a      0x166 ./Project_Settings/Startup_Code/startup.o
 .debug_macro   0x0000000000013e90       0x4a ./Project_Settings/Startup_Code/startup.o
 .debug_macro   0x0000000000013eda       0x52 ./Project_Settings/Startup_Code/startup.o
 .debug_macro   0x0000000000013f2c       0x16 ./Project_Settings/Startup_Code/startup.o
 .debug_macro   0x0000000000013f42       0x43 ./Project_Settings/Startup_Code/startup.o
 .debug_macro   0x0000000000013f85      0x180 ./Project_Settings/Startup_Code/startup.o
 .debug_macro   0x0000000000014105      0x29d ./Project_Settings/Startup_Code/startup.o
 .debug_macro   0x00000000000143a2       0x10 ./Project_Settings/Startup_Code/startup.o
 .debug_macro   0x00000000000143b2       0x35 ./Project_Settings/Startup_Code/startup.o
 .debug_macro   0x00000000000143e7       0x16 ./Project_Settings/Startup_Code/startup.o
 .debug_macro   0x00000000000143fd       0x22 ./Project_Settings/Startup_Code/startup.o
 .debug_macro   0x000000000001441f       0xc4 ./Generated_Code/ASerialLdd3.o
 .debug_macro   0x00000000000144e3       0x5f ./Generated_Code/ASerialLdd3.o
 .debug_macro   0x0000000000014542       0x17 ./Generated_Code/ASerialLdd3.o
 .debug_macro   0x0000000000014559      0x7ab ./Generated_Code/ASerialLdd3.o
 .debug_macro   0x0000000000014d04       0xaf ./Generated_Code/BitIoLdd1.o
 .debug_macro   0x0000000000014db3      0x100 ./Generated_Code/Cpu.o
 .debug_macro   0x0000000000014eb3       0xe0 ./Generated_Code/PE_LDD.o
 .debug_macro   0x0000000000014f93       0xe8 ./Generated_Code/UART3.o
 .debug_macro   0x000000000001507b      0x106 ./Generated_Code/Vectors.o

.debug_line     0x0000000000000000     0x1859
 .debug_line    0x0000000000000000      0x273 ./Sources/Events.o
 .debug_line    0x0000000000000273      0x278 ./Sources/main.o
 .debug_line    0x00000000000004eb      0x2b8 ./Project_Settings/Startup_Code/startup.o
 .debug_line    0x00000000000007a3      0x30c ./Generated_Code/ASerialLdd3.o
 .debug_line    0x0000000000000aaf      0x263 ./Generated_Code/BitIoLdd1.o
 .debug_line    0x0000000000000d12      0x38c ./Generated_Code/Cpu.o
 .debug_line    0x000000000000109e      0x26c ./Generated_Code/PE_LDD.o
 .debug_line    0x000000000000130a      0x245 ./Generated_Code/UART3.o
 .debug_line    0x000000000000154f      0x30a ./Generated_Code/Vectors.o

.debug_str      0x0000000000000000    0x72a08
 .debug_str     0x0000000000000000    0x688e4 ./Sources/Events.o
                                      0x68a2e (size before relaxing)
 .debug_str     0x00000000000688e4       0x17 ./Sources/main.o
                                      0x68a24 (size before relaxing)
 .debug_str     0x00000000000688fb     0x263c ./Project_Settings/Startup_Code/startup.o
                                       0x4d5e (size before relaxing)
 .debug_str     0x000000000006af37     0x742f ./Generated_Code/ASerialLdd3.o
                                      0x6f3d4 (size before relaxing)
 .debug_str     0x0000000000072366       0xe7 ./Generated_Code/BitIoLdd1.o
                                      0x688e8 (size before relaxing)
 .debug_str     0x000000000007244d      0x287 ./Generated_Code/Cpu.o
                                      0x68def (size before relaxing)
 .debug_str     0x00000000000726d4      0x17e ./Generated_Code/PE_LDD.o
                                      0x68be3 (size before relaxing)
 .debug_str     0x0000000000072852      0x19a ./Generated_Code/UART3.o
                                      0x67c34 (size before relaxing)
 .debug_str     0x00000000000729ec       0x1c ./Generated_Code/Vectors.o
                                      0x68a76 (size before relaxing)

.comment        0x0000000000000000       0x70
 .comment       0x0000000000000000       0x70 ./Sources/Events.o
                                         0x71 (size before relaxing)
 .comment       0x0000000000000000       0x71 ./Sources/main.o
 .comment       0x0000000000000000       0x71 ./Project_Settings/Startup_Code/startup.o
 .comment       0x0000000000000000       0x71 ./Generated_Code/ASerialLdd3.o
 .comment       0x0000000000000000       0x71 ./Generated_Code/BitIoLdd1.o
 .comment       0x0000000000000000       0x71 ./Generated_Code/Cpu.o
 .comment       0x0000000000000000       0x71 ./Generated_Code/PE_LDD.o
 .comment       0x0000000000000000       0x71 ./Generated_Code/UART3.o
 .comment       0x0000000000000000       0x71 ./Generated_Code/Vectors.o

.debug_frame    0x0000000000000000      0x710
 .debug_frame   0x0000000000000000       0x30 ./Sources/Events.o
 .debug_frame   0x0000000000000030       0x2c ./Sources/main.o
 .debug_frame   0x000000000000005c      0x14c ./Project_Settings/Startup_Code/startup.o
 .debug_frame   0x00000000000001a8      0x17c ./Generated_Code/ASerialLdd3.o
 .debug_frame   0x0000000000000324       0xd8 ./Generated_Code/BitIoLdd1.o
 .debug_frame   0x00000000000003fc       0xc8 ./Generated_Code/Cpu.o
 .debug_frame   0x00000000000004c4       0x84 ./Generated_Code/PE_LDD.o
 .debug_frame   0x0000000000000548       0xf0 ./Generated_Code/UART3.o
 .debug_frame   0x0000000000000638       0x50 /usr/bin/../lib/gcc/arm-none-eabi/4.9.3/../../../../arm-none-eabi/lib/armv7e-m/libg.a(lib_a-__call_atexit.o)
 .debug_frame   0x0000000000000688       0x20 /usr/bin/../lib/gcc/arm-none-eabi/4.9.3/../../../../arm-none-eabi/lib/armv7e-m/libg.a(lib_a-atexit.o)
 .debug_frame   0x00000000000006a8       0x34 /usr/bin/../lib/gcc/arm-none-eabi/4.9.3/../../../../arm-none-eabi/lib/armv7e-m/libg.a(lib_a-fini.o)
 .debug_frame   0x00000000000006dc       0x34 /usr/bin/../lib/gcc/arm-none-eabi/4.9.3/../../../../arm-none-eabi/lib/armv7e-m/libg.a(lib_a-__atexit.o)
